2
3
4
5
6
4
0
false
7
0
0
0
0
8
0
0
0
0
0
9
12
13
0
0
0
0
0
0
0
0
0
7
8
9
10
0
0
0
0
0
0
0
0
0
2
7
8
9
10
2
7
8
9
10
5
