980
1443
1944
2197
2470
3056
3293
3345
3605
3770
3960
4441
4471
4775
5069
5127
5566
5623
5780
5825
6261
6306
6325
6359
6389
6855
6969
7116
7315
7846
7965
8084
8291
8406
8642
8872
8875
9365
9851
10161
10708
11204
11206
12212
12558
12958
13028
13730
14484
14828
14906
14962
15675
15694
16374
16458
17066
17172
17329
17916
18385
19357
20015
20374
20717
20854
20905
21458
21555
21602
22758
23603
24034
24213
24939
25154
25482
25660
25855
25958
26646
27426
28147
28457
28558
28776
28829
29368
29784
29913
30147
30327
30351
30364
30566
31317
31575
32455
32713
32754
