0
0
0
1
4
1
4
1
4
0
5
-123
0
34
34556
346547657
6
-123
0
34
123
34556
346547657
