-123123
-6
0
4
5
6
7
7
8
9
10
14
15
2313
235423534
