145
0
7
44
28
945
117
9348
198
8
999999
0
0
7
8
28
44
117
145
198
945
9348
999999
0
1
999999
42
999999
112
2
124
9
1111
42
0
1
5696
123
999999
0
5
999999
123
2
20934
293
0
999999
0
20934
293
123
2
0
999999
0
999999
1
2
3
5
8
13
21
34
34
999999
6
999999
0
0
0
0
0
10
999999
0
1
0
0
0
0
0
10
0
0
0
999999
0
0
0
0
0
0
10
0
0
20
999999
0
0
10
999999
20
