14
2944
4364
8429
487
2033
6889
1488
73
8163
-1
1
1
73
85
88
370
480
487
519
736
736
829
983
986
1213
1264
1264
1488
1771
1827
1885
2024
2024
2033
2058
2180
2284
2468
2474
2474
2488
2558
2660
2803
2855
2855
2944
3104
3207
3551
3621
3656
3656
3681
3850
4180
4211
4364
4411
4411
4649
4780
4914
4990
5051
5051
5293
5383
5456
5501
5595
5595
5663
5865
6017
6040
6230
6292
6292
6304
6342
6357
6400
6500
6561
6561
6566
6582
6889
6894
6943
7142
7142
7161
7184
7188
7268
7290
7290
7400
7711
7924
8045
8163
8163
8165
8429
8516
8602
8638
-1
0
