7
6
4
5
0
3
2
1
1
6
4
5
0
3
2
7
1
5
4
2
0
3
6
7
1
4
3
2
0
5
6
7
0
3
1
2
4
5
6
7
0
2
1
3
4
5
6
7
0
1
2
3
4
5
6
7
0
1
2
3
4
5
6
7
0
1
2
3
4
5
6
7
