1
2
5122
4
8022
5122
7
8
5122
8022
11
5122
13
14
51228022
16
17
5122
19
8022
5122
22
23
5122
8022
26
5122
28
29
51228022
31
32
5122
34
8022
5122
37
38
5122
8022
41
5122
43
44
51228022
46
47
5122
49
8022
5122
52
53
5122
8022
56
5122
58
59
51228022
61
62
5122
64
8022
5122
67
68
5122
8022
71
5122
73
74
51228022
76
77
5122
79
8022
5122
82
83
5122
8022
86
5122
88
89
51228022
91
92
5122
94
8022
5122
97
98
5122
