true
true
990
991
992
993
994
995
996
997
998
999
999
998
997
996
995
994
993
992
991
990
2000
0
0
1
1
2
3
5
8
13
21
34
55
10
50
150
50
200
100
200
true
