2
1
23
1
2
1
4
8
2
2
2
4
19
15
1
2
1
4
8
2
2
2
4
2
2
69
69
69
15
